../Drivers/STM32U5xx_HAL_Driver/Inc/stm32u5xx_ll_bus.h:845:22:LL_AHB2_GRP1_EnableClock	24	static
../Drivers/STM32U5xx_HAL_Driver/Inc/stm32u5xx_ll_bus.h:1895:22:LL_APB1_GRP2_EnableClock	24	static
../Core/Src/main.c:74:6:HAL_UART_RxCpltCallback	64	dynamic
../Core/Src/main.c:101:6:HAL_UART_TxCpltCallback	16	static
../Core/Src/main.c:120:5:main	24	static
../Core/Src/main.c:191:6:SystemClock_Config	128	static
../Core/Src/main.c:249:13:SystemPower_Config	8	static
../Core/Src/main.c:269:13:MX_ADC1_Init	8	static
../Core/Src/main.c:313:13:MX_ICACHE_Init	8	static
../Core/Src/main.c:345:13:MX_UCPD1_Init	32	static
../Core/Src/main.c:387:13:MX_USART1_UART_Init	8	static
../Core/Src/main.c:435:13:MX_USART2_UART_Init	8	static
../Core/Src/main.c:483:13:MX_USB_OTG_FS_PCD_Init	8	static
../Core/Src/main.c:519:13:MX_GPIO_Init	48	static
../Core/Src/main.c:592:6:Error_Handler	4	static,ignoring_inline_asm
